// Jest Snapshot v1, https://goo.gl/fbAQLP

exports[`renders person 1`] = `
<View
  style={
    Array [
      Object {
        "backgroundColor": "#fff",
        "borderColor": "#ddd",
        "borderRadius": 8,
        "borderWidth": 1,
        "height": 300,
        "width": 280,
      },
    ]
  }
>
  <View
    style={
      Array [
        Object {
          "backgroundColor": "#f9f9f9",
          "borderBottomWidth": 1,
          "borderColor": "#ddd",
          "borderTopLeftRadius": 7,
          "borderTopRightRadius": 7,
          "height": 105,
          "left": 0,
          "position": "absolute",
          "right": 0,
          "top": 0,
        },
      ]
    }
  />
  <View
    style={
      Array [
        Object {
          "alignItems": "center",
          "flexBasis": 0,
          "flexGrow": 1,
          "flexShrink": 1,
          "height": 400,
          "width": 280,
        },
      ]
    }
  >
    <View
      style={
        Array [
          Object {
            "alignItems": "center",
            "backgroundColor": "#fff",
            "borderColor": "#ddd",
            "borderRadius": 65,
            "borderWidth": 1,
            "height": 130,
            "justifyContent": "center",
            "marginBottom": 15,
            "marginTop": 15,
            "width": 130,
          },
        ]
      }
    >
      <Image
        source={
          Object {
            "uri": "https://picsum.photos/id/119/240/240",
          }
        }
        style={
          Array [
            Object {
              "backgroundColor": "#fafafa",
              "borderRadius": 60,
              "height": 120,
              "width": 120,
            },
          ]
        }
      />
    </View>
    <View
      style={
        Array [
          Object {
            "alignItems": "center",
            "height": 110,
          },
        ]
      }
    >
      <View
        style={
          Array [
            Object {
              "height": 90,
            },
          ]
        }
      >
        <View>
          <Text
            style={
              Array [
                Object {
                  "color": "#9b9b9b",
                  "fontSize": 14,
                  "textAlign": "center",
                },
              ]
            }
          >
            My address is
          </Text>
          <Text
            style={
              Array [
                Object {
                  "color": "#2b2e31",
                  "fontSize": 17,
                  "paddingLeft": 10,
                  "paddingRight": 10,
                  "textAlign": "center",
                },
              ]
            }
          >
            7403 long rapids rd, cedar rapids
          </Text>
        </View>
      </View>
      <View
        style={
          Array [
            Object {
              "flexDirection": "row",
              "height": 40,
            },
          ]
        }
      >
        <View
          accessible={true}
          isTVSelectable={true}
          onResponderGrant={[Function]}
          onResponderMove={[Function]}
          onResponderRelease={[Function]}
          onResponderTerminate={[Function]}
          onResponderTerminationRequest={[Function]}
          onStartShouldSetResponder={[Function]}
          style={
            Object {
              "opacity": 1,
              "padding": 5,
            }
          }
        >
          <Text />
        </View>
        <View
          accessible={true}
          isTVSelectable={true}
          onResponderGrant={[Function]}
          onResponderMove={[Function]}
          onResponderRelease={[Function]}
          onResponderTerminate={[Function]}
          onResponderTerminationRequest={[Function]}
          onStartShouldSetResponder={[Function]}
          style={
            Object {
              "opacity": 1,
              "padding": 5,
            }
          }
        >
          <Text />
        </View>
        <View
          accessible={true}
          isTVSelectable={true}
          onResponderGrant={[Function]}
          onResponderMove={[Function]}
          onResponderRelease={[Function]}
          onResponderTerminate={[Function]}
          onResponderTerminationRequest={[Function]}
          onStartShouldSetResponder={[Function]}
          style={
            Object {
              "opacity": 1,
              "padding": 5,
            }
          }
        >
          <Text />
        </View>
        <View
          accessible={true}
          isTVSelectable={true}
          onResponderGrant={[Function]}
          onResponderMove={[Function]}
          onResponderRelease={[Function]}
          onResponderTerminate={[Function]}
          onResponderTerminationRequest={[Function]}
          onStartShouldSetResponder={[Function]}
          style={
            Object {
              "opacity": 1,
              "padding": 5,
            }
          }
        >
          <Text />
        </View>
        <View
          accessible={true}
          isTVSelectable={true}
          onResponderGrant={[Function]}
          onResponderMove={[Function]}
          onResponderRelease={[Function]}
          onResponderTerminate={[Function]}
          onResponderTerminationRequest={[Function]}
          onStartShouldSetResponder={[Function]}
          style={
            Object {
              "opacity": 1,
              "padding": 5,
            }
          }
        >
          <Text />
        </View>
      </View>
    </View>
  </View>
</View>
`;
